Microchip MPLAB XC8 Compiler V2.46

Linker command line:

-W-3 \
  --edf=C:\Program Files\Microchip\xc8\v2.46\pic\dat\20240104201356_en.msgs \
  -cn -h+dist/default/production\ENV_MAESTRO.X.production.sym \
  --cmf=dist/default/production\ENV_MAESTRO.X.production.cmf -z -Q16F873A \
  -oC:\Users\eduar\AppData\Local\Temp\xcBsh0o.1\driver_tmp_3.o \
  --defsym=__MPLAB_BUILD=1 --fixupoverflow=error \
  -Mdist/default/production/ENV_MAESTRO.X.production.map \
  --md=C:\Users\eduar\AppData\Local\Temp\xcBsh0o.1\driver_tmp_0.dat -E1 \
  -ver=XC8 Compiler --acfsm=1493 -ACODE=00h-07FFhx2 -ASTRCODE=00h-0FFFh \
  -ASTRING=00h-0FFhx16 -ACONST=00h-0FFhx16 -AENTRY=00h-0FFhx16 \
  -ABANK0=020h-07Dh -ABANK1=0A0h-0FDh -ARAM=020h-07Dh,0A0h-0FDh \
  -AABS1=020h-07Fh,0A0h-0FFh -ACOMMON=07Eh-07Fh -ASFR0=00h-01Fh \
  -ASFR1=080h-09Fh -ASFR2=0100h-017Dh -ASFR3=0180h-01FDh \
  -ACONFIG=02007h-02007h -DCONFIG=2 -AIDLOC=02000h-02003h -DIDLOC=2 \
  -AEEDATA=00h-07Fh/02100h -peeprom_data=EEDATA -DEEDATA=2 -DCODE=2 \
  -DSTRCODE=2 -DSTRING=2 -DCONST=2 -DENTRY=2 \
  -preset_vec=00h,intentry=04h,sivt,init,end_init -ppowerup=CODE \
  -pcinit=CODE -pfunctab=ENTRY -k \
  C:\Users\eduar\AppData\Local\Temp\xcBsh0o.1\driver_tmp_12.o \
  dist/default/production\ENV_MAESTRO.X.production.o 

Object code version is 3.11

Machine type is 16F873A



                Name                               Link     Load   Length Selector   Space Scale
C:\Users\eduar\AppData\Local\Temp\xcBsh0o.1\driver_tmp_12.o
                end_init                             11       11        2        8       0
                reset_vec                             0        0        2        0       0
                config                             2007     2007        1        0       4
dist/default/production\ENV_MAESTRO.X.production.o
                cinit                                13       13       10        8       0
                intentry                              4        4        D        8       0
                config                             2007     2007        1        0       4
                text30                              576      576       68      92C       0
                text29                              66E      66E       33      92C       0
                text28                              FEA      FEA        B     1FD4       0
                text27                              7A7      7A7       17      92C       0
                text26                              7E2      7E2       10      92C       0
                text25                              790      790       17      92C       0
                text24                              6EA      6EA       22      92C       0
                text23                              746      746       1C      92C       0
                text22                              FBB      FBB        4     1F76       0
                text21                              2AD      2AD       D1        8       0
                text20                              50E      50E       68      92C       0
                text19                              62B      62B       43      92C       0
                text18                              7F2      7F2        D      92C       0
                text17                              FC3      FC3        7     1F86       0
                text16                              FCA      FCA        7     1F94       0
                text15                              FD1      FD1        8     1FA2       0
                text14                              7BE      7BE       14      92C       0
                text13                              FF5      FF5        B     1FEA       0
                text12                              779      779       17      92C       0
                text11                              7D2      7D2       10      92C       0
                text10                              5DE      5DE       4D      92C       0
                text9                               762      762       17      92C       0
                text8                               6C8      6C8       22      92C       0
                text7                               72A      72A       1C      92C       0
                text6                               FE1      FE1        9     1FC2       0
                text5                               FBF      FBF        4     1F7E       0
                text4                               37E      37E       9B        8       0
                text3                               6A1      6A1       27      92C       0
                text2                               496      496       78      92C       0
                text1                               70C      70C       1E      92C       0
                maintext                             23       23      28A        8       0
                cstackBANK0                          20       20       2C       20       1
                cstackBANK1                          BA       BA       16       A0       1
                clrtext                             FD9      FD9        8     1FB2       0
                bssBANK1                             A0       A0       1A       A0       1
                bssBANK0                             4C       4C       12       20       1
                strings                             419      419       7D      832       0

TOTAL           Name                               Link     Load   Length     Space
        CLASS   CODE           
                end_init                             11       11        2         0
                cinit                                13       13       10         0
                intentry                              4        4        D         0
                reset_vec                             0        0        2         0
                text30                              576      576       68         0
                text29                              66E      66E       33         0
                text28                              FEA      FEA        B         0
                text27                              7A7      7A7       17         0
                text26                              7E2      7E2       10         0
                text25                              790      790       17         0
                text24                              6EA      6EA       22         0
                text23                              746      746       1C         0
                text22                              FBB      FBB        4         0
                text21                              2AD      2AD       D1         0
                text20                              50E      50E       68         0
                text19                              62B      62B       43         0
                text18                              7F2      7F2        D         0
                text17                              FC3      FC3        7         0
                text16                              FCA      FCA        7         0
                text15                              FD1      FD1        8         0
                text14                              7BE      7BE       14         0
                text13                              FF5      FF5        B         0
                text12                              779      779       17         0
                text11                              7D2      7D2       10         0
                text10                              5DE      5DE       4D         0
                text9                               762      762       17         0
                text8                               6C8      6C8       22         0
                text7                               72A      72A       1C         0
                text6                               FE1      FE1        9         0
                text5                               FBF      FBF        4         0
                text4                               37E      37E       9B         0
                text3                               6A1      6A1       27         0
                text2                               496      496       78         0
                text1                               70C      70C       1E         0
                maintext                             23       23      28A         0
                clrtext                             FD9      FD9        8         0

        CLASS   STRCODE        

        CLASS   STRING         
                strings                             419      419       7D         0

        CLASS   CONST          

        CLASS   ENTRY          

        CLASS   BANK0          
                cstackBANK0                          20       20       2C         1
                bssBANK0                             4C       4C       12         1

        CLASS   BANK1          
                cstackBANK1                          BA       BA       16         1
                bssBANK1                             A0       A0       1A         1

        CLASS   RAM            

        CLASS   ABS1           
                abs_s1                               7E       7E        2         1

        CLASS   COMMON         

        CLASS   SFR0           

        CLASS   SFR1           

        CLASS   SFR2           

        CLASS   SFR3           

        CLASS   CONFIG         
                config                             2007     2007        1         4

        CLASS   IDLOC          

        CLASS   EEDATA         

        CLASS   BANK3          

        CLASS   BANK2          

        CLASS   HEAP           

        CLASS   STACK          



SEGMENTS        Name                           Load    Length   Top    Selector   Space  Class     Delta

                reset_vec                      000000  000002  000002         0       0  CODE        2
                intentry                       000004  000415  000419         8       0  CODE        2
                cstackBANK0                    000020  00003E  00005E        20       1  BANK0       1
                bssBANK1                       0000A0  000030  0000D0        A0       1  BANK1       1
                strings                        000419  00007D  000496       832       0  STRING      2
                text2                          000496  000369  0007FF       92C       0  CODE        2
                text22                         000FBB  000004  000FBF      1F76       0  CODE        2
                text5                          000FBF  000004  000FC3      1F7E       0  CODE        2
                text17                         000FC3  000007  000FCA      1F86       0  CODE        2
                text16                         000FCA  000007  000FD1      1F94       0  CODE        2
                text15                         000FD1  000008  000FD9      1FA2       0  CODE        2
                clrtext                        000FD9  000008  000FE1      1FB2       0  CODE        2
                text6                          000FE1  000009  000FEA      1FC2       0  CODE        2
                text28                         000FEA  00000B  000FF5      1FD4       0  CODE        2
                text13                         000FF5  00000B  001000      1FEA       0  CODE        2


UNUSED ADDRESS RANGES

        Name                Unused          Largest block    Delta
        BANK0            005E-007D             20           1
        BANK1            00D0-00FD             2E           1
        CODE             0002-0003              2           2
                         07FF-0FBA              1
        CONST            0002-0003              2           2
                         07FF-0FBA            100
        EEDATA           2100-217F             80           2
        ENTRY            0002-0003              2           2
                         07FF-0FBA            100
        IDLOC            2000-2003              4           2
        RAM              005E-007D             20           1
                         00D0-00FD             2E
        SFR0             0000-001F             20           1
        SFR1             0080-009F             20           1
        SFR2             0100-017D             7E           1
        SFR3             0180-01FD             7E           1
        STRCODE          0002-0003              2           2
                         07FF-0FBA            7BC
        STRING           0002-0003              2           2
                         07FF-0FBA            100

                                  Symbol Table

?___lldiv                    cstackBANK0  003E
?___wmul                     cstackBANK0  003E
?_atoi                       cstackBANK0  0044
?i1___lldiv                  cstackBANK0  0020
I2C_Master_Init@c            cstackBANK1  00BA
I2C_Master_Write@d           cstackBANK0  003E
I2C_Slave_Init@address       cstackBANK0  003E
ISR@index                    bssBANK0     004C
ISR@receiveBuffer            bssBANK0     004E
ISR@temp                     cstackBANK0  003D
LCD_command@command          cstackBANK0  0040
LCD_data@data                cstackBANK0  0040
LCD_print@string             cstackBANK0  0041
LCD_setCursor@column         cstackBANK0  0041
LCD_setCursor@position       cstackBANK0  0045
LCD_setCursor@row            cstackBANK0  0042
Read_Keypad@col              cstackBANK0  0042
Read_Keypad@row              cstackBANK0  0040
_ADCON1                      (abs)        009F
_GIE                         (abs)        005F
_I2C_Master_Init             text19       062B
_I2C_Master_Start            text17       0FC3
_I2C_Master_Stop             text16       0FCA
_I2C_Master_Wait             text18       07F2
_I2C_Master_Write            text15       0FD1
_I2C_Slave_Init              text14       07BE
_ISR                         text21       02AD
_Keyboard_init               text13       0FF5
_LCD_clear                   text11       07D2
_LCD_command                 text12       0779
_LCD_data                    text9        0762
_LCD_init                    text10       05DE
_LCD_print                   text8        06C8
_LCD_setCursor               text7        072A
_LCD_setCursor$302           cstackBANK0  0043
_PEIE                        (abs)        005E
_PEN                         (abs)        048A
_PORTAbits                   (abs)        0005
_PORTB                       (abs)        0006
_Prepare_Keypad_Pins         text6        0FE1
_Prepare_LCD_Pins            text5        0FBF
_RA0                         (abs)        0028
_RA1                         (abs)        0029
_RA2                         (abs)        002A
_Read_Keypad                 text4        037E
_SEN                         (abs)        0488
_SSPADD                      (abs)        0093
_SSPBUF                      (abs)        0013
_SSPCON                      (abs)        0014
_SSPCON2                     (abs)        0091
_SSPCONbits                  (abs)        0014
_SSPIE                       (abs)        0463
_SSPIF                       (abs)        0063
_SSPSTAT                     (abs)        0094
_SSPSTATbits                 (abs)        0094
_TRISA                       (abs)        0085
_TRISAbits                   (abs)        0085
_TRISB                       (abs)        0086
_TRISC3                      (abs)        043B
_TRISC4                      (abs)        043C
__H__absolute__              __absolute__ 0000
__Habs1                      abs1         0000
__Hbank0                     bank0        0000
__Hbank1                     bank1        0000
__Hbank2                     bank2        0000
__Hbank3                     bank3        0000
__HbssBANK0                  bssBANK0     0000
__HbssBANK1                  bssBANK1     0000
__Hcinit                     cinit        0023
__Hclrtext                   clrtext      0000
__Hcode                      code         0000
__Hcommon                    common       0000
__Hconfig                    config       2008
__HcstackBANK0               cstackBANK0  0000
__HcstackBANK1               cstackBANK1  0000
__HcstackCOMMON              cstackCOMMON 0000
__Heeprom_data               eeprom_data  0000
__Hend_init                  end_init     0013
__Hfunctab                   functab      0000
__Hheap                      heap         0000
__Hinit                      init         0011
__Hintentry                  intentry     0011
__Hmaintext                  maintext     0000
__Hpowerup                   powerup      0000
__Hram                       ram          0000
__Hreset_vec                 reset_vec    0002
__Hsfr0                      sfr0         0000
__Hsfr1                      sfr1         0000
__Hsfr2                      sfr2         0000
__Hsfr3                      sfr3         0000
__Hsivt                      sivt         0011
__Hspace_0                   (abs)        1000
__Hspace_1                   (abs)        00D0
__Hspace_2                   (abs)        0000
__Hspace_3                   (abs)        0000
__Hspace_4                   (abs)        400F
__Hstack                     stack        0000
__Hstrings                   strings      0000
__Htext                      text         0000
__L__absolute__              __absolute__ 0000
__Labs1                      abs1         0000
__Lbank0                     bank0        0000
__Lbank1                     bank1        0000
__Lbank2                     bank2        0000
__Lbank3                     bank3        0000
__LbssBANK0                  bssBANK0     0000
__LbssBANK1                  bssBANK1     0000
__Lcinit                     cinit        0013
__Lclrtext                   clrtext      0000
__Lcode                      code         0000
__Lcommon                    common       0000
__Lconfig                    config       0000
__LcstackBANK0               cstackBANK0  0000
__LcstackBANK1               cstackBANK1  0000
__LcstackCOMMON              cstackCOMMON 0000
__Leeprom_data               eeprom_data  0000
__Lend_init                  end_init     0011
__Lfunctab                   functab      0000
__Lheap                      heap         0000
__Linit                      init         0011
__Lintentry                  intentry     0004
__Lmaintext                  maintext     0000
__Lpowerup                   powerup      0000
__Lram                       ram          0000
__Lreset_vec                 reset_vec    0000
__Lsfr0                      sfr0         0000
__Lsfr1                      sfr1         0000
__Lsfr2                      sfr2         0000
__Lsfr3                      sfr3         0000
__Lsivt                      sivt         0011
__Lspace_0                   (abs)        0000
__Lspace_1                   (abs)        0000
__Lspace_2                   (abs)        0000
__Lspace_3                   (abs)        0000
__Lspace_4                   (abs)        0000
__Lstack                     stack        0000
__Lstrings                   strings      0000
__Ltext                      text         0000
__S0                         (abs)        1000
__S1                         (abs)        00D0
__S3                         (abs)        0000
___heap_hi                   (abs)        0000
___heap_lo                   (abs)        0000
___int_sp                    stack        0000
___int_stack_hi              stack        0000
___int_stack_lo              stack        0000
___latbits                   (abs)        0001
___lldiv                     text20       050E
___lldiv@counter             cstackBANK0  004B
___lldiv@dividend            cstackBANK0  0042
___lldiv@divisor             cstackBANK0  003E
___lldiv@quotient            cstackBANK0  0047
___sp                        stack        0000
___stack_hi                  stack        0000
___stack_lo                  stack        0000
___stackhi                   (abs)        0000
___stacklo                   (abs)        0000
___wmul                      text3        06A1
___wmul@multiplicand         cstackBANK0  0040
___wmul@multiplier           cstackBANK0  003E
___wmul@product              cstackBANK0  0042
__end_of_I2C_Master_Init     text19       066E
__end_of_I2C_Master_Start    text17       0FCA
__end_of_I2C_Master_Stop     text16       0FD1
__end_of_I2C_Master_Wait     text18       07FF
__end_of_I2C_Master_Write    text15       0FD9
__end_of_I2C_Slave_Init      text14       07D2
__end_of_ISR                 text21       037E
__end_of_Keyboard_init       text13       1000
__end_of_LCD_clear           text11       07E2
__end_of_LCD_command         text12       0790
__end_of_LCD_data            text9        0779
__end_of_LCD_init            text10       062B
__end_of_LCD_print           text8        06EA
__end_of_LCD_setCursor       text7        0746
__end_of_Prepare_Keypad_Pins text6        0FEA
__end_of_Prepare_LCD_Pins    text5        0FC3
__end_of_Read_Keypad         text4        0419
__end_of___lldiv             text20       0576
__end_of___wmul              text3        06C8
__end_of__initialization     cinit        0020
__end_of__stringtab          strings      0429
__end_of_atoi                text2        050E
__end_of_main                maintext     02AD
__end_of_memset              text1        072A
__end_of_teclas              strings      0439
__end_ofi1_I2C_Master_Init   text29       06A1
__end_ofi1_Keyboard_init     text28       0FF5
__end_ofi1_LCD_clear         text26       07F2
__end_ofi1_LCD_command       text27       07BE
__end_ofi1_LCD_data          text25       07A7
__end_ofi1_LCD_print         text24       070C
__end_ofi1_LCD_setCursor     text23       0762
__end_ofi1_Prepare_LCD_Pins  text22       0FBF
__end_ofi1___lldiv           text30       05DE
__initialization             cinit        0013
__pbssBANK0                  bssBANK0     004C
__pbssBANK1                  bssBANK1     00A0
__pcstackBANK0               cstackBANK0  0020
__pcstackBANK1               cstackBANK1  00BA
__pcstackCOMMON              cstackCOMMON 0000
__pintentry                  intentry     0004
__pmaintext                  maintext     0023
__pstrings                   strings      0419
__ptext1                     text1        070C
__ptext10                    text10       05DE
__ptext11                    text11       07D2
__ptext12                    text12       0779
__ptext13                    text13       0FF5
__ptext14                    text14       07BE
__ptext15                    text15       0FD1
__ptext16                    text16       0FCA
__ptext17                    text17       0FC3
__ptext18                    text18       07F2
__ptext19                    text19       062B
__ptext2                     text2        0496
__ptext20                    text20       050E
__ptext21                    text21       02AD
__ptext22                    text22       0FBB
__ptext23                    text23       0746
__ptext24                    text24       06EA
__ptext25                    text25       0790
__ptext26                    text26       07E2
__ptext27                    text27       07A7
__ptext28                    text28       0FEA
__ptext29                    text29       066E
__ptext3                     text3        06A1
__ptext30                    text30       0576
__ptext4                     text4        037E
__ptext5                     text5        0FBF
__ptext6                     text6        0FE1
__ptext7                     text7        072A
__ptext8                     text8        06C8
__ptext9                     text9        0762
__stringbase                 strings      0428
__stringtab                  strings      0419
_asciiDigits                 bssBANK1     00A0
_asciiMode                   bssBANK1     00A1
_asciiValue                  bssBANK1     00B6
_atoi                        text2        0496
_charCount                   bssBANK1     00A2
_cursorPosition              bssBANK1     00A3
_displayString               bssBANK1     00A5
_i2c_role                    bssBANK1     00A4
_main                        maintext     0023
_memset                      text1        070C
_teclas                      strings      0429
atoi@n                       cstackBANK0  0049
atoi@neg                     cstackBANK0  0048
atoi@s                       cstackBANK0  004B
btemp                        (abs)        007E
clear_ram0                   clrtext      0FD9
end_of_initialization        cinit        0020
i1I2C_Master_Init@c          cstackBANK0  002E
i1LCD_command@command        cstackBANK0  0022
i1LCD_data@data              cstackBANK0  0022
i1LCD_print@string           cstackBANK0  0023
i1LCD_setCursor@column       cstackBANK0  0023
i1LCD_setCursor@position     cstackBANK0  0027
i1LCD_setCursor@row          cstackBANK0  0024
i1_I2C_Master_Init           text29       066E
i1_Keyboard_init             text28       0FEA
i1_LCD_clear                 text26       07E2
i1_LCD_command               text27       07A7
i1_LCD_data                  text25       0790
i1_LCD_print                 text24       06EA
i1_LCD_setCursor             text23       0746
i1_LCD_setCursor$302         cstackBANK0  0025
i1_Prepare_LCD_Pins          text22       0FBB
i1___lldiv                   text30       0576
i1___lldiv@counter           cstackBANK0  002D
i1___lldiv@dividend          cstackBANK0  0024
i1___lldiv@divisor           cstackBANK0  0020
i1___lldiv@quotient          cstackBANK0  0029
interrupt_function           intentry     0004
intlevel0                    functab      0000
intlevel1                    functab      0000
intlevel2                    functab      0000
intlevel3                    functab      0000
intlevel4                    functab      0000
intlevel5                    functab      0000
main@asciiCode               cstackBANK1  00C7
main@i                       cstackBANK1  00C5
main@i_288                   cstackBANK1  00C9
main@i_289                   cstackBANK1  00CB
main@i_290                   cstackBANK1  00CD
main@key                     cstackBANK1  00CF
memset@c                     cstackBANK0  003E
memset@dest                  cstackBANK0  0042
memset@n                     cstackBANK0  0040
memset@p                     cstackBANK0  0043
reset_vec                    reset_vec    0000
saved_w                      (abs)        007E
start                        init         0011
start_initialization         cinit        0013
wtemp0                       (abs)        007E


MODULE INFORMATION

Module		Function		Class		Link	Load	Size
C:\Program Files\Microchip\xc8\v2.46\pic\sources\c99\common\memset.c
		_memset        		CODE           	070C	0000	30

C:\Program Files\Microchip\xc8\v2.46\pic\sources\c99\common\memset.c estimated size: 30

C:\Program Files\Microchip\xc8\v2.46\pic\sources\c99\common\atoi.c
		_atoi          		CODE           	0496	0000	120

C:\Program Files\Microchip\xc8\v2.46\pic\sources\c99\common\atoi.c estimated size: 120

env_maestro.c
		_LCD_clear     		CODE           	07D2	0000	16
		_Prepare_Keypad_Pins		CODE           	0FE1	0000	9
		_LCD_print     		CODE           	06C8	0000	34
		_ISR           		CODE           	02AD	0000	209
		_I2C_Master_Wait		CODE           	07F2	0000	13
		_I2C_Master_Init		CODE           	062B	0000	67
		_I2C_Master_Stop		CODE           	0FCA	0000	7
		_main          		CODE           	0023	0000	650
		_I2C_Slave_Init		CODE           	07BE	0000	20
		_Read_Keypad   		CODE           	037E	0000	155
		_LCD_init      		CODE           	05DE	0000	77
		_LCD_command   		CODE           	0779	0000	23
		_Keyboard_init 		CODE           	0FF5	0000	11
		_LCD_data      		CODE           	0762	0000	23
		_I2C_Master_Write		CODE           	0FD1	0000	8
		_LCD_setCursor 		CODE           	072A	0000	28
		_Prepare_LCD_Pins		CODE           	0FBF	0000	4
		_I2C_Master_Start		CODE           	0FC3	0000	7

env_maestro.c estimated size: 1361

shared
		i1_Keyboard_init		CODE           	0FEA	0000	11
		__stringtab    		STRING         	0419	0000	16
		i1_LCD_print   		CODE           	06EA	0000	34
		i1_Prepare_LCD_Pins		CODE           	0FBB	0000	4
		i1_LCD_clear   		CODE           	07E2	0000	16
		_teclas        		STRING         	0429	0000	16
		i1_LCD_command 		CODE           	07A7	0000	23
		i1___lldiv     		CODE           	0576	0000	104
		__initialization		CODE           	0013	0000	13
		i1_I2C_Master_Init		CODE           	066E	0000	51
		i1_LCD_setCursor		CODE           	0746	0000	28
		i1_LCD_data    		CODE           	0790	0000	23

shared estimated size: 339

C:\Program Files\Microchip\xc8\v2.46\pic\sources\c99\common\__lldiv.c
		___lldiv       		CODE           	050E	0000	104

C:\Program Files\Microchip\xc8\v2.46\pic\sources\c99\common\__lldiv.c estimated size: 104

C:\Program Files\Microchip\xc8\v2.46\pic\sources\c99\common\Umul16.c
		___wmul        		CODE           	06A1	0000	39

C:\Program Files\Microchip\xc8\v2.46\pic\sources\c99\common\Umul16.c estimated size: 39

