Microchip MPLAB XC8 Compiler V2.46

Linker command line:

-W-3 \
  --edf=C:\Program Files\Microchip\xc8\v2.46\pic\dat\20240104201356_en.msgs \
  -cn -h+dist/default/production\Practica_1.X.production.sym \
  --cmf=dist/default/production\Practica_1.X.production.cmf -z -Q16F84A \
  -oC:\Users\eduar\AppData\Local\Temp\xcAsho8.\driver_tmp_3.o \
  --defsym=__MPLAB_BUILD=1 --fixupoverflow=error \
  -Mdist/default/production/Practica_1.X.production.map \
  --md=C:\Users\eduar\AppData\Local\Temp\xcAsho8.\driver_tmp_0.dat -E1 \
  -ver=XC8 Compiler --acfsm=1493 -ACODE=00h-03FFh -ASTRCODE=00h-03FFh \
  -ASTRING=00h-0FFhx4 -ACONST=00h-0FFhx4 -AENTRY=00h-0FFhx4 \
  -ABANK0=0Ch-04Dh -ARAM=0Ch-04Dh -AABS1=0Ch-04Fh -ACOMMON=04Eh-04Fh \
  -ASFR0=00h-0Bh -ASFR1=080h-0CDh -ACONFIG=02007h-02007h -DCONFIG=2 \
  -AIDLOC=02000h-02003h -DIDLOC=2 -AEEDATA=00h-03Fh/02100h \
  -peeprom_data=EEDATA -DEEDATA=2 -DCODE=2 -DSTRCODE=2 -DSTRING=2 -DCONST=2 \
  -DENTRY=2 -preset_vec=00h,intentry,sivt,init,end_init -ppowerup=CODE \
  -pcinit=CODE -pfunctab=ENTRY -k \
  C:\Users\eduar\AppData\Local\Temp\xcAsho8.\driver_tmp_12.o \
  dist/default/production\Practica_1.X.production.o 

Object code version is 3.11

Machine type is 16F84A



                Name                               Link     Load   Length Selector   Space Scale
C:\Users\eduar\AppData\Local\Temp\xcAsho8.\driver_tmp_12.o
                end_init                              0        0        1        0       0
                config                             2007     2007        1        0       4
dist/default/production\Practica_1.X.production.o
                cinit                               3F9      3F9        7      7F2       0
                config                             2007     2007        1        0       4
                text12                               EB       EB        9      1D6       0
                text11                              101      101       13      202       0
                text10                               F4       F4        D      1E8       0
                text9                               17B      17B       27      2F6       0
                text8                               114      114       13      228       0
                text7                               127      127       15      24E       0
                text6                               13C      13C       19      278       0
                text5                                DC       DC        7      1B8       0
                text4                                D9       D9        3      1B2       0
                text3                               216      216       8D      42C       0
                text2                               155      155       26      2AA       0
                text1                               1A2      1A2       74      344       0
                maintext                            2A3      2A3      156      546       0
                cstackBANK0                           C        C       28        C       1
                clrtext                              E3       E3        8      1C6       0
                bssBANK0                             34       34       18        C       1
                strings                               1        1       16        2       0

TOTAL           Name                               Link     Load   Length     Space
        CLASS   CODE           
                end_init                              0        0        1         0
                cinit                               3F9      3F9        7         0
                text12                               EB       EB        9         0
                text11                              101      101       13         0
                text10                               F4       F4        D         0
                text9                               17B      17B       27         0
                text8                               114      114       13         0
                text7                               127      127       15         0
                text6                               13C      13C       19         0
                text5                                DC       DC        7         0
                text4                                D9       D9        3         0
                text3                               216      216       8D         0
                text2                               155      155       26         0
                text1                               1A2      1A2       74         0
                maintext                            2A3      2A3      156         0
                clrtext                              E3       E3        8         0

        CLASS   STRCODE        

        CLASS   STRING         
                strings                               1        1       16         0

        CLASS   CONST          

        CLASS   ENTRY          

        CLASS   BANK0          
                cstackBANK0                           C        C       28         1
                bssBANK0                             34       34       18         1

        CLASS   RAM            

        CLASS   ABS1           
                abs_s1                               4E       4E        2         1

        CLASS   COMMON         

        CLASS   SFR0           

        CLASS   SFR1           

        CLASS   CONFIG         
                config                             2007     2007        1         4

        CLASS   IDLOC          

        CLASS   EEDATA         

        CLASS   BANK1          

        CLASS   HEAP           

        CLASS   STACK          



SEGMENTS        Name                           Load    Length   Top    Selector   Space  Class     Delta

                reset_vec                      000000  000001  000001         0       0  CODE        2
                strings                        000001  000016  000017         2       0  STRING      2
                cstackBANK0                    00000C  000040  00004C         C       1  BANK0       1
                text4                          0000D9  000003  0000DC       1B2       0  CODE        2
                text5                          0000DC  000007  0000E3       1B8       0  CODE        2
                clrtext                        0000E3  000008  0000EB       1C6       0  CODE        2
                text12                         0000EB  000009  0000F4       1D6       0  CODE        2
                text10                         0000F4  00000D  000101       1E8       0  CODE        2
                text11                         000101  000013  000114       202       0  CODE        2
                text8                          000114  000013  000127       228       0  CODE        2
                text7                          000127  000015  00013C       24E       0  CODE        2
                text6                          00013C  000019  000155       278       0  CODE        2
                text2                          000155  000026  00017B       2AA       0  CODE        2
                text9                          00017B  000027  0001A2       2F6       0  CODE        2
                text1                          0001A2  000074  000216       344       0  CODE        2
                text3                          000216  00008D  0002A3       42C       0  CODE        2
                maintext                       0002A3  000156  0003F9       546       0  CODE        2
                cinit                          0003F9  000007  000400       7F2       0  CODE        2


UNUSED ADDRESS RANGES

        Name                Unused          Largest block    Delta
        BANK0            004C-004D              2           1
        CODE             0017-00D8             C2           2
        CONST            0017-00D8             C2           2
        EEDATA           2100-213F             40           2
        ENTRY            0017-00D8             C2           2
        IDLOC            2000-2003              4           2
        RAM              004C-004D              2           1
        SFR0             0000-000B              C           1
        SFR1             0080-00CD             4E           1
        STRCODE          0017-00D8             C2           2
        STRING           0017-00D8             C2           2

                                  Symbol Table

?___wmul                     cstackBANK0  000C
?_atoi                       cstackBANK0  0012
LCD_command@command          cstackBANK0  000E
LCD_data@data                cstackBANK0  000E
LCD_print@string             cstackBANK0  000F
LCD_setCursor@column         cstackBANK0  000F
LCD_setCursor@position       cstackBANK0  0013
LCD_setCursor@row            cstackBANK0  0010
Read_Keypad@col              cstackBANK0  0010
Read_Keypad@row              cstackBANK0  000E
_Keyboard_init               text12       00EB
_LCD_clear                   text10       00F4
_LCD_command                 text11       0101
_LCD_data                    text8        0114
_LCD_init                    text9        017B
_LCD_print                   text7        0127
_LCD_setCursor               text6        013C
_LCD_setCursor$134           cstackBANK0  0011
_PORTAbits                   (abs)        0005
_PORTB                       (abs)        0006
_Prepare_Keypad_Pins         text5        00DC
_Prepare_LCD_Pins            text4        00D9
_RA0                         (abs)        0028
_RA1                         (abs)        0029
_RA2                         (abs)        002A
_Read_Keypad                 text3        0216
_TRISA                       (abs)        0085
_TRISAbits                   (abs)        0085
_TRISB                       (abs)        0086
__H__absolute__              __absolute__ 0000
__Habs1                      abs1         0000
__Hbank0                     bank0        0000
__Hbank1                     bank1        0000
__HbssBANK0                  bssBANK0     0000
__Hcinit                     cinit        0400
__Hclrtext                   clrtext      0000
__Hcode                      code         0000
__Hcommon                    common       0000
__Hconfig                    config       2008
__HcstackBANK0               cstackBANK0  0000
__HcstackCOMMON              cstackCOMMON 0000
__Heeprom_data               eeprom_data  0000
__Hend_init                  end_init     0001
__Hfunctab                   functab      0000
__Hheap                      heap         0000
__Hinit                      init         0000
__Hintentry                  intentry     0000
__Hmaintext                  maintext     0000
__Hpowerup                   powerup      0000
__Hram                       ram          0000
__Hreset_vec                 reset_vec    0000
__Hsfr0                      sfr0         0000
__Hsfr1                      sfr1         0000
__Hsivt                      sivt         0000
__Hspace_0                   (abs)        0400
__Hspace_1                   (abs)        004C
__Hspace_2                   (abs)        0000
__Hspace_3                   (abs)        0000
__Hspace_4                   (abs)        400F
__Hstack                     stack        0000
__Hstrings                   strings      0000
__Htext                      text         0000
__L__absolute__              __absolute__ 0000
__Labs1                      abs1         0000
__Lbank0                     bank0        0000
__Lbank1                     bank1        0000
__LbssBANK0                  bssBANK0     0000
__Lcinit                     cinit        03F9
__Lclrtext                   clrtext      0000
__Lcode                      code         0000
__Lcommon                    common       0000
__Lconfig                    config       0000
__LcstackBANK0               cstackBANK0  0000
__LcstackCOMMON              cstackCOMMON 0000
__Leeprom_data               eeprom_data  0000
__Lend_init                  end_init     0000
__Lfunctab                   functab      0000
__Lheap                      heap         0000
__Linit                      init         0000
__Lintentry                  intentry     0000
__Lmaintext                  maintext     0000
__Lpowerup                   powerup      0000
__Lram                       ram          0000
__Lreset_vec                 reset_vec    0000
__Lsfr0                      sfr0         0000
__Lsfr1                      sfr1         0000
__Lsivt                      sivt         0000
__Lspace_0                   (abs)        0000
__Lspace_1                   (abs)        0000
__Lspace_2                   (abs)        0000
__Lspace_3                   (abs)        0000
__Lspace_4                   (abs)        0000
__Lstack                     stack        0000
__Lstrings                   strings      0000
__Ltext                      text         0000
__S0                         (abs)        0400
__S1                         (abs)        004C
__S3                         (abs)        0000
___heap_hi                   (abs)        0000
___heap_lo                   (abs)        0000
___int_sp                    stack        0000
___int_stack_hi              stack        0000
___int_stack_lo              stack        0000
___latbits                   (abs)        0000
___sp                        stack        0000
___stack_hi                  stack        0000
___stack_lo                  stack        0000
___stackhi                   (abs)        0000
___stacklo                   (abs)        0000
___wmul                      text2        0155
___wmul@multiplicand         cstackBANK0  000E
___wmul@multiplier           cstackBANK0  000C
___wmul@product              cstackBANK0  0010
__end_of_Keyboard_init       text12       00F4
__end_of_LCD_clear           text10       0101
__end_of_LCD_command         text11       0114
__end_of_LCD_data            text8        0127
__end_of_LCD_init            text9        01A2
__end_of_LCD_print           text7        013C
__end_of_LCD_setCursor       text6        0155
__end_of_Prepare_Keypad_Pins text5        00E3
__end_of_Prepare_LCD_Pins    text4        00DC
__end_of_Read_Keypad         text3        02A3
__end_of___wmul              text2        017B
__end_of__initialization     cinit        03FE
__end_of__stringtab          strings      0007
__end_of_atoi                text1        0216
__end_of_main                maintext     03F9
__end_of_teclas              strings      0017
__initialization             cinit        03F9
__pbssBANK0                  bssBANK0     0034
__pcstackBANK0               cstackBANK0  000C
__pcstackCOMMON              cstackCOMMON 0000
__pmaintext                  maintext     02A3
__pstrings                   strings      0001
__ptext1                     text1        01A2
__ptext10                    text10       00F4
__ptext11                    text11       0101
__ptext12                    text12       00EB
__ptext2                     text2        0155
__ptext3                     text3        0216
__ptext4                     text4        00D9
__ptext5                     text5        00DC
__ptext6                     text6        013C
__ptext7                     text7        0127
__ptext8                     text8        0114
__ptext9                     text9        017B
__stringbase                 strings      0006
__stringtab                  strings      0001
_asciiDigits                 bssBANK0     0045
_asciiMode                   bssBANK0     0046
_asciiValue                  bssBANK0     0048
_atoi                        text1        01A2
_cursorPosition              bssBANK0     0047
_main                        maintext     02A3
_teclas                      strings      0007
atoi@n                       cstackBANK0  0017
atoi@neg                     cstackBANK0  0016
atoi@s                       cstackBANK0  0019
btemp                        (abs)        004E
clear_ram0                   clrtext      00E3
end_of_initialization        cinit        03FE
intlevel0                    functab      0000
intlevel1                    functab      0000
intlevel2                    functab      0000
intlevel3                    functab      0000
intlevel4                    functab      0000
intlevel5                    functab      0000
main@asciiCode               cstackBANK0  002D
main@charCount               cstackBANK0  0033
main@displayString           cstackBANK0  001C
main@i                       cstackBANK0  002F
main@i_121                   cstackBANK0  0030
main@i_122                   cstackBANK0  0031
main@key                     cstackBANK0  0032
reset_vec                    reset_vec    0000
start                        init         0000
start_initialization         cinit        03F9
wtemp0                       (abs)        004E


MODULE INFORMATION

Module		Function		Class		Link	Load	Size
C:\Program Files\Microchip\xc8\v2.46\pic\sources\c99\common\atoi.c
		_atoi          		CODE           	01A2	0000	116

C:\Program Files\Microchip\xc8\v2.46\pic\sources\c99\common\atoi.c estimated size: 116

shared
		__stringtab    		STRING         	0001	0000	6
		_teclas        		STRING         	0007	0000	16
		__initialization		CODE           	03F9	0000	5

shared estimated size: 27

C:\Program Files\Microchip\xc8\v2.46\pic\sources\c99\common\Umul16.c
		___wmul        		CODE           	0155	0000	38

C:\Program Files\Microchip\xc8\v2.46\pic\sources\c99\common\Umul16.c estimated size: 38

practica_1_PIC16F84A.c
		_LCD_clear     		CODE           	00F4	0000	13
		_Prepare_Keypad_Pins		CODE           	00DC	0000	7
		_LCD_print     		CODE           	0127	0000	21
		_main          		CODE           	02A3	0000	342
		_Read_Keypad   		CODE           	0216	0000	141
		_LCD_init      		CODE           	017B	0000	39
		_LCD_command   		CODE           	0101	0000	19
		_Keyboard_init 		CODE           	00EB	0000	9
		_LCD_data      		CODE           	0114	0000	19
		_LCD_setCursor 		CODE           	013C	0000	25
		_Prepare_LCD_Pins		CODE           	00D9	0000	3

practica_1_PIC16F84A.c estimated size: 638

